---
source: tests/smoothy/equality/equals.rs
expression: assertion_failed_output
---
assertion failed: `(actual == expected)`'
   actual: `"true"`
 expected: `"false"`

[1mDifferences[0m ([31m[2m-[0m[31mactual[0m|[32m[2m+[0m[32mexpected[0m):
[31m[1m[2m-[0m[31mtrue[0m
[32m[1m[2m+[0m[32mfalse[0m
