---
source: tests/smoothy/equality/try_equals.rs
expression: assertion_failed_output
---
assertion failed: `(actual == expected)`'
   actual: `"42"`
 expected: `"100"`

[1mDifferences[0m ([31m[2m-[0m[31mactual[0m|[32m[2m+[0m[32mexpected[0m):
[31m[1m[2m-[0m[31m42[0m
[32m[1m[2m+[0m[32m100[0m
