---
source: tests/smoothy/equality/equals.rs
expression: assertion_failed_output
---
assertion failed: `(actual == expected)`'
   actual: `"123"`
 expected: `"42"`

[1mDifferences[0m ([31m[2m-[0m[31mactual[0m|[32m[2m+[0m[32mexpected[0m):
[31m[1m[2m-[0m[31m123[0m
[32m[1m[2m+[0m[32m42[0m
