---
source: tests/smoothy/equality/equals.rs
expression: assertion_failed_output
---
assertion failed: `(actual == expected)`'
   actual: `"[1, 2, 3]"`
 expected: `"[3, 2, 1]"`

[1mDifferences[0m ([31m[2m-[0m[31mactual[0m|[32m[2m+[0m[32mexpected[0m):
[1m[2m [0m[2m[
[0m[32m[1m[2m+[0m[32m    3,
[0m[32m[1m[2m+[0m[32m    2,
[0m[1m[2m [0m[2m    1,
[0m[31m[1m[2m-[0m[31m    2,
[0m[31m[1m[2m-[0m[31m    3,
[0m[1m[2m [0m[2m][0m
