---
source: tests/smoothy/equality/is.rs
expression: assertion_failed_output
---
assertion failed: `(actual == expected)`'
   actual: `"21"`
 expected: `"12"`

[1mDifferences[0m ([31m[2m-[0m[31mactual[0m|[32m[2m+[0m[32mexpected[0m):
[31m[1m[2m-[0m[31m21[0m
[32m[1m[2m+[0m[32m12[0m
